{"ts":"2026-09-22T18:51:39Z","event":"run_start","plan":"260922-cotdnp-optimise-tui-responsiveness","phase":null,"task":null,"message":"started autonomous implementation at phase 1 task 1","detail":{"resume":"phase 1 TASK-001","head":"9593185e3d8e48d63f48d568d0a5e21a9bec5c8c"}}
{"ts":"2026-09-22T18:51:39Z","event":"phase_start","plan":"260922-cotdnp-optimise-tui-responsiveness","phase":1,"task":null,"message":"started event-driven rendering","detail":{}}
{"ts":"2026-09-22T18:53:57Z","event":"task_done","plan":"260922-cotdnp-optimise-tui-responsiveness","phase":1,"task":"TASK-001","message":"removed the unused periodic tick and tick counter","detail":{}}
{"ts":"2026-09-22T18:53:57Z","event":"task_done","plan":"260922-cotdnp-optimise-tui-responsiveness","phase":1,"task":"TASK-002","message":"made event handling report redraw, editor, and quit outcomes","detail":{}}
{"ts":"2026-09-22T18:53:57Z","event":"task_done","plan":"260922-cotdnp-optimise-tui-responsiveness","phase":1,"task":"TASK-003","message":"redraws now occur once per visible event batch with no final quit frame","detail":{}}
{"ts":"2026-09-22T18:53:57Z","event":"task_done","plan":"260922-cotdnp-optimise-tui-responsiveness","phase":1,"task":"TASK-004","message":"added event outcome coverage for no-op, resize, probe, editor, and quit events","detail":{}}
{"ts":"2026-09-22T18:53:57Z","event":"phase_done","plan":"260922-cotdnp-optimise-tui-responsiveness","phase":1,"task":null,"message":"event-driven rendering complete and quality checks pass","detail":{}}
{"ts":"2026-09-22T18:54:33Z","event":"issue","plan":"260922-cotdnp-optimise-tui-responsiveness","phase":1,"task":null,"message":"the worktree had no git author identity configured","detail":{"fix":"configured the repository's existing author name and noreply email locally"}}
{"ts":"2026-09-22T18:54:33Z","event":"commit","plan":"260922-cotdnp-optimise-tui-responsiveness","phase":1,"task":null,"message":"committed event-driven rendering","detail":{"hash":"defbcff28c3aa4ad2c00fed504a408b72f42b07f","subject":"perf(tui): redraw only for visible events"}}
{"ts":"2026-09-22T18:54:33Z","event":"phase_start","plan":"260922-cotdnp-optimise-tui-responsiveness","phase":2,"task":null,"message":"started bounded cache-correct upgrade discovery","detail":{}}
{"ts":"2026-09-22T18:59:43Z","event":"task_done","plan":"260922-cotdnp-optimise-tui-responsiveness","phase":2,"task":"TASK-005","message":"made r cache-aware and R forced with fresh per-run progress","detail":{}}
{"ts":"2026-09-22T18:59:43Z","event":"task_done","plan":"260922-cotdnp-optimise-tui-responsiveness","phase":2,"task":"TASK-006","message":"made upgrade strategies async with a shared HTTP client and process timeouts","detail":{}}
{"ts":"2026-09-22T18:59:43Z","event":"task_done","plan":"260922-cotdnp-optimise-tui-responsiveness","phase":2,"task":"TASK-007","message":"bounded stale lookups at four and centralized cache mutation","detail":{}}
{"ts":"2026-09-22T18:59:43Z","event":"task_done","plan":"260922-cotdnp-optimise-tui-responsiveness","phase":2,"task":"TASK-008","message":"migrated CLI and streaming checks while preserving manifest-order CLI results","detail":{}}
{"ts":"2026-09-22T18:59:43Z","event":"task_done","plan":"260922-cotdnp-optimise-tui-responsiveness","phase":2,"task":"TASK-009","message":"added explicit cached checked unavailable not-applicable and unsupported row states","detail":{}}
{"ts":"2026-09-22T18:59:43Z","event":"task_done","plan":"260922-cotdnp-optimise-tui-responsiveness","phase":2,"task":"TASK-010","message":"covered cache force concurrency timeout ordering and terminal-state behavior without network access","detail":{}}
{"ts":"2026-09-22T18:59:43Z","event":"phase_done","plan":"260922-cotdnp-optimise-tui-responsiveness","phase":2,"task":null,"message":"bounded cache-correct upgrade discovery complete and quality checks pass","detail":{}}
{"ts":"2026-09-22T19:00:10Z","event":"commit","plan":"260922-cotdnp-optimise-tui-responsiveness","phase":2,"task":null,"message":"committed bounded cache-correct upgrade discovery","detail":{"hash":"b1896a2b3e59d16c2e6595f470a407a0e3d10162","subject":"perf(upgrades): bound and cache TUI checks"}}
{"ts":"2026-09-22T19:00:10Z","event":"phase_start","plan":"260922-cotdnp-optimise-tui-responsiveness","phase":3,"task":null,"message":"started navigable and cheaper views","detail":{}}
{"ts":"2026-09-22T19:15:14Z","event":"task_done","plan":"260922-cotdnp-optimise-tui-responsiveness","phase":3,"task":"TASK-011","message":"added persistent health upgrade and docs scroll state with reset and clamping","detail":{}}
{"ts":"2026-09-22T19:15:14Z","event":"task_done","plan":"260922-cotdnp-optimise-tui-responsiveness","phase":3,"task":"TASK-012","message":"made Health and Upgrades tables stateful and hints tab-specific","detail":{}}
{"ts":"2026-09-22T19:15:14Z","event":"task_done","plan":"260922-cotdnp-optimise-tui-responsiveness","phase":3,"task":"TASK-013","message":"added independent Docs page scrolling","detail":{}}
{"ts":"2026-09-22T19:15:14Z","event":"task_done","plan":"260922-cotdnp-optimise-tui-responsiveness","phase":3,"task":"TASK-014","message":"ranked Docs once per frame without collecting unused recipes","detail":{}}
{"ts":"2026-09-22T19:15:14Z","event":"task_done","plan":"260922-cotdnp-optimise-tui-responsiveness","phase":3,"task":"TASK-015","message":"borrowed stable render strings and cached harness summaries","detail":{}}
{"ts":"2026-09-22T19:15:14Z","event":"task_done","plan":"260922-cotdnp-optimise-tui-responsiveness","phase":3,"task":"TASK-016","message":"covered small-terminal final-row navigation and long-page scrolling","detail":{}}
{"ts":"2026-09-22T19:15:14Z","event":"phase_done","plan":"260922-cotdnp-optimise-tui-responsiveness","phase":3,"task":null,"message":"navigable and cheaper views complete and quality checks pass","detail":{}}
{"ts":"2026-09-22T19:15:40Z","event":"commit","plan":"260922-cotdnp-optimise-tui-responsiveness","phase":3,"task":null,"message":"committed navigable and cheaper views","detail":{"hash":"032819a395a32f807ea0b724e4ec35bf803a25b7","subject":"feat(tui): make every view navigable"}}
{"ts":"2026-09-22T19:15:40Z","event":"phase_start","plan":"260922-cotdnp-optimise-tui-responsiveness","phase":4,"task":null,"message":"started safe terminal handoff and background filesystem work","detail":{}}
{"ts":"2026-09-22T19:31:43Z","event":"task_done","plan":"260922-cotdnp-optimise-tui-responsiveness","phase":4,"task":"TASK-017","message":"owned terminal input task can pause and resume without closing background producer channel","detail":{}}
{"ts":"2026-09-22T19:31:43Z","event":"task_done","plan":"260922-cotdnp-optimise-tui-responsiveness","phase":4,"task":"TASK-018","message":"editor handoff pauses input, discards stale terminal events, resumes input, and reports exit failures","detail":{}}
{"ts":"2026-09-22T19:31:43Z","event":"task_done","plan":"260922-cotdnp-optimise-tui-responsiveness","phase":4,"task":"TASK-019","message":"editor return starts a generation-tagged health refresh while retaining displayed state","detail":{}}
{"ts":"2026-09-22T19:31:43Z","event":"task_done","plan":"260922-cotdnp-optimise-tui-responsiveness","phase":4,"task":"TASK-020","message":"harness confirmation exposes calculating and ready states and sizes plans in spawn_blocking","detail":{}}
{"ts":"2026-09-22T19:31:43Z","event":"task_done","plan":"260922-cotdnp-optimise-tui-responsiveness","phase":4,"task":"TASK-021","message":"harness mutations classify and merge only the changed scope","detail":{}}
{"ts":"2026-09-22T19:31:43Z","event":"measurement","plan":"260922-cotdnp-optimise-tui-responsiveness","phase":4,"task":"TASK-022","message":"release startup and pseudo-terminal timings","detail":{"profile":"release","commands":["cargo build --release --locked","/usr/bin/time ./target/release/pinst list --json","python3 PTY runner at 8s and 20s"],"release_list":{"wall_seconds":0.85,"user_seconds":1.11,"sys_seconds":0.22,"exit":3},"tui_8s":{"wall_seconds":8.07,"user_seconds":1.09,"sys_seconds":0.21,"output_bytes":388},"tui_20s":{"wall_seconds":20.05,"user_seconds":1.09,"sys_seconds":0.25,"output_bytes":445},"same_run_idle_output":{"bytes_at_8s":483,"bytes_before_stop_at_20s":483,"growth":0},"interpretation":"list startup matches the recorded approximately 862 ms baseline; zero PTY byte growth from 8s through 20s confirms no periodic idle frames"}}
{"ts":"2026-09-22T19:31:43Z","event":"task_done","plan":"260922-cotdnp-optimise-tui-responsiveness","phase":4,"task":"TASK-022","message":"lifecycle integration tests, release measurements, and just qc pass","detail":{"tests":321}}
{"ts":"2026-09-22T19:31:43Z","event":"phase_done","plan":"260922-cotdnp-optimise-tui-responsiveness","phase":4,"task":null,"message":"safe terminal handoff and background filesystem work complete","detail":{}}
{"ts":"2026-09-22T19:32:31Z","event":"commit","plan":"260922-cotdnp-optimise-tui-responsiveness","phase":4,"task":null,"message":"committed safe terminal handoff and background filesystem work","detail":{"hash":"310c49846b29a4686655ec053c8f7aacca79b393","subject":"feat(tui): make terminal handoff safe"}}
{"ts":"2026-09-22T19:35:05Z","event":"learnings_written","plan":"260922-cotdnp-optimise-tui-responsiveness","phase":null,"task":null,"message":"recorded four implementation issues and promoted one general Cargo test lesson","detail":{"issues":4,"promoted":["LESSON-040"],"merged":["LESSON-038"]}}
{"ts":"2026-09-22T19:35:05Z","event":"run_end","plan":"260922-cotdnp-optimise-tui-responsiveness","phase":null,"task":null,"message":"all four phases complete; learnings written and final validation pending","detail":{"outcome":"completed"}}
